testdataset depends on nothing
testdataset.list_actual_a depends on testdataset
testdataset.list_actual_b depends on testdataset
testdataset.list_actual_c depends on testdataset
testdataset.test_list_c depends on testdataset testdataset.list_actual_a testdataset.list_actual_b testdataset.list_actual_c
testdataset.test_list_d depends on testdataset testdataset.list_actual_a testdataset.list_actual_b testdataset.list_actual_c
testdataset.test_nested_local_keyval1 depends on testdataset
testdataset.test_nested_local_keyval2 depends on testdataset
